{
    "version": "1.5.0",
    "plugins_used": [
        {
            "name": "Base64HighEntropyString"
        },
        {
            "name": "HexHighEntropyString"
        },
        {
            "name": "PrivateKeyDetector"
        },
        {
            "name": "KeywordDetector"
        }
    ],
    "filters_used": [],
    "base64_hashes": {},
    "hex_hashes": {},
    "results": []
}
